// Jest Snapshot v1, https://goo.gl/fbAQLP

exports[`Pruebas en <PrivateRoute /> debe de mostrar el componente si esta autenticado y guardar localStorage 1`] = `
<span>
  Listo
</span>
`;
